// Jest Snapshot v1, https://goo.gl/fbAQLP

exports[`actions getAllMenuItems returns all items 1`] = `
Array [
  Object {
    "id": 1,
    "name": "test 1",
    "quantity": 1,
  },
  Object {
    "id": 2,
    "name": "test 2",
    "quantity": 2,
  },
]
`;
